// Jest Snapshot v1, https://goo.gl/fbAQLP

exports[`benchmark row aligns with table 1`] = `
<DocumentFragment>
  <div
    class="class-view"
  >
    <div
      style="overflow-x: auto;"
    >
      <table
        style="width: 100%; border-collapse: collapse;"
      >
        <colgroup>
          <col />
          <col />
          <col />
          <col />
          <col />
          <col />
          <col />
          <col />
          <col />
          <col />
          <col />
          <col />
          <col />
          <col />
        </colgroup>
        <thead>
          <tr
            style="border-bottom: 2px solid #e5e7eb;"
          >
            <th
              style="padding: 0.75rem; text-align: left; font-weight: 500; cursor: pointer;"
            >
              Symbol
            </th>
            <th
              style="padding: 0.75rem; text-align: left; font-weight: 500; cursor: pointer;"
            >
              Fund Name
            </th>
            <th
              style="padding: 0.75rem; text-align: left; font-weight: 500; cursor: pointer;"
            >
              Type
            </th>
            <th
              style="padding: 0.75rem; text-align: right; font-weight: 500; cursor: pointer;"
            >
              Score
            </th>
            <th
              style="padding: 0.75rem; text-align: right; font-weight: 500; cursor: pointer;"
            >
              Δ vs last
            </th>
            <th
              style="padding: 0.75rem; text-align: left; font-weight: 500; cursor: pointer;"
            >
              Trend
            </th>
            <th
              style="padding: 0.75rem; text-align: right; font-weight: 500; cursor: pointer;"
            >
              YTD
            </th>
            <th
              style="padding: 0.75rem; text-align: right; font-weight: 500; cursor: pointer;"
            >
              1Y
            </th>
            <th
              style="padding: 0.75rem; text-align: right; font-weight: 500; cursor: pointer;"
            >
              3Y
            </th>
            <th
              style="padding: 0.75rem; text-align: right; font-weight: 500; cursor: pointer;"
            >
              5Y
            </th>
            <th
              style="padding: 0.75rem; text-align: right; font-weight: 500; cursor: pointer;"
            >
              Sharpe
            </th>
            <th
              style="padding: 0.75rem; text-align: right; font-weight: 500; cursor: pointer;"
            >
              Std Dev (5Y)
            </th>
            <th
              style="padding: 0.75rem; text-align: right; font-weight: 500; cursor: pointer;"
            >
              Expense
            </th>
            <th
              style="padding: 0.75rem; text-align: left; font-weight: 500; cursor: pointer;"
            >
              Tags
            </th>
          </tr>
        </thead>
        <tbody>
          <tr
            class="benchmark-banner"
          >
            <td
              style="padding: 0.75rem;"
            >
              Benchmark — IWF
            </td>
            <td
              style="padding: 0.75rem;"
            >
              Index
            </td>
            <td
              style="padding: 0.75rem;"
            >
              Benchmark
            </td>
            <td
              style="padding: 0.75rem; text-align: center;"
            >
              <span
                style="background-color: rgba(22, 163, 74, 0.125); color: rgb(22, 163, 74); border: 1px solid #16a34a50; border-radius: 9999px; font-size: 0.75rem; font-weight: bold; padding: 0.25rem 0.5rem; display: inline-block; min-width: 3rem; text-align: center;"
              >
                60.0 - Strong
              </span>
            </td>
            <td
              style="padding: 0.75rem; text-align: right;"
            >
              N/A
            </td>
            <td
              style="padding: 0.75rem; text-align: right;"
            >
              N/A
            </td>
            <td
              style="padding: 0.75rem; text-align: right;"
            >
              N/A
            </td>
            <td
              style="padding: 0.75rem; text-align: right;"
            >
              N/A
            </td>
            <td
              style="padding: 0.75rem; text-align: right;"
            >
              N/A
            </td>
            <td
              style="padding: 0.75rem; text-align: right;"
            >
              N/A
            </td>
            <td
              style="padding: 0.75rem; text-align: right;"
            >
              N/A
            </td>
            <td
              style="padding: 0.75rem;"
            />
          </tr>
          <tr
            role="button"
            style="border-bottom: 1px solid #f3f4f6; cursor: pointer; background-color: transparent;"
            tabindex="0"
          >
            <td
              style="padding: 0.5rem;"
            >
              AAA
            </td>
            <td
              style="padding: 0.5rem;"
            >
              Fund A
            </td>
            <td
              style="padding: 0.5rem;"
            />
            <td
              style="padding: 0.5rem; text-align: center;"
            >
              <span
                style="background-color: rgba(22, 163, 74, 0.125); color: rgb(22, 163, 74); border: 1px solid #16a34a50; border-radius: 9999px; font-size: 0.75rem; font-weight: bold; padding: 0.25rem 0.5rem; display: inline-block; min-width: 3rem; text-align: center;"
              >
                70.0 - Strong
              </span>
            </td>
            <td
              style="padding: 0.5rem; min-width: 70px; text-align: right;"
            />
            <td
              style="padding: 0.5rem;"
            />
            <td
              style="padding: 0.5rem; text-align: right;"
            >
              N/A
            </td>
            <td
              style="padding: 0.5rem; text-align: right;"
            >
              N/A
            </td>
            <td
              style="padding: 0.5rem; text-align: right;"
            >
              N/A
            </td>
            <td
              style="padding: 0.5rem; text-align: right;"
            >
              N/A
            </td>
            <td
              style="padding: 0.5rem; text-align: right;"
            >
              N/A
            </td>
            <td
              style="padding: 0.5rem; text-align: right;"
            >
              N/A
            </td>
            <td
              style="padding: 0.5rem; text-align: right;"
            >
              N/A
            </td>
            <td
              style="padding: 0.5rem;"
            >
              <span
                style="color: rgb(156, 163, 175);"
              >
                -
              </span>
            </td>
          </tr>
        </tbody>
      </table>
    </div>
  </div>
</DocumentFragment>
`;
