// Jest Snapshot v1, https://jestjs.io/docs/snapshot-testing

exports[`benchmark row aligns with table 1`] = `
<DocumentFragment>
  <div
    class="class-view"
  >
    <div
      class="overflow-x-auto"
    >
      <table
        class="w-full border-collapse"
      >
        <colgroup>
          <col />
          <col />
          <col />
          <col />
          <col />
          <col />
          <col />
          <col />
          <col />
          <col />
          <col />
          <col />
          <col />
          <col />
        </colgroup>
        <thead>
          <tr
            class="border-b-2 border-gray-200"
          >
            <th
              class="p-3 font-medium cursor-pointer text-left"
            >
              Symbol
            </th>
            <th
              class="p-3 font-medium cursor-pointer text-left"
            >
              Fund Name
            </th>
            <th
              class="p-3 font-medium cursor-pointer text-left"
            >
              Type
            </th>
            <th
              class="p-3 font-medium cursor-pointer text-right"
            >
              Score
            </th>
            <th
              class="p-3 font-medium cursor-pointer text-right"
            >
              Δ
            </th>
            <th
              class="p-3 font-medium cursor-pointer text-left"
            >
              Trend
            </th>
            <th
              class="p-3 font-medium cursor-pointer text-right"
            >
              YTD
            </th>
            <th
              class="p-3 font-medium cursor-pointer text-right"
            >
              1Y
            </th>
            <th
              class="p-3 font-medium cursor-pointer text-right"
            >
              3Y
            </th>
            <th
              class="p-3 font-medium cursor-pointer text-right"
            >
              5Y
            </th>
            <th
              class="p-3 font-medium cursor-pointer text-right"
            >
              Sharpe
            </th>
            <th
              class="p-3 font-medium cursor-pointer text-right"
            >
              Std Dev (5Y)
            </th>
            <th
              class="p-3 font-medium cursor-pointer text-right"
            >
              Expense
            </th>
            <th
              class="p-3 font-medium cursor-pointer text-left"
            >
              Tags
            </th>
          </tr>
        </thead>
        <tbody />
      </table>
    </div>
  </div>
</DocumentFragment>
`;
