// Jest Snapshot v1, https://goo.gl/fbAQLP

exports[`renders table snapshot 1`] = `
<DocumentFragment>
  <div
    class="overflow-x-auto"
  >
    <table
      class="w-full border-collapse"
    >
      <colgroup>
        <col />
        <col />
        <col />
        <col />
        <col />
        <col />
        <col />
        <col />
        <col />
        <col />
        <col />
        <col />
        <col />
        <col />
      </colgroup>
      <thead>
        <tr
          class="border-b-2 border-gray-200"
        >
          <th
            class="p-3 font-medium cursor-pointer text-left"
          >
            Symbol
          </th>
          <th
            class="p-3 font-medium cursor-pointer text-left"
          >
            Fund Name
          </th>
          <th
            class="p-3 font-medium cursor-pointer text-left"
          >
            Type
          </th>
          <th
            class="p-3 font-medium cursor-pointer text-right"
          >
            Score
          </th>
          <th
            class="p-3 font-medium cursor-pointer text-right"
          >
            Δ
          </th>
          <th
            class="p-3 font-medium cursor-pointer text-left"
          >
            Trend
          </th>
          <th
            class="p-3 font-medium cursor-pointer text-right"
          >
            YTD
          </th>
          <th
            class="p-3 font-medium cursor-pointer text-right"
          >
            1Y
          </th>
          <th
            class="p-3 font-medium cursor-pointer text-right"
          >
            3Y
          </th>
          <th
            class="p-3 font-medium cursor-pointer text-right"
          >
            5Y
          </th>
          <th
            class="p-3 font-medium cursor-pointer text-right"
          >
            Sharpe
          </th>
          <th
            class="p-3 font-medium cursor-pointer text-right"
          >
            Std Dev (5Y)
          </th>
          <th
            class="p-3 font-medium cursor-pointer text-right"
          >
            Expense
          </th>
          <th
            class="p-3 font-medium cursor-pointer text-left"
          >
            Tags
          </th>
        </tr>
      </thead>
      <tbody>
        <tr
          class="border-b border-gray-100 cursor-pointer "
          role="button"
          tabindex="0"
        >
          <td
            class="p-2"
          >
            ABC
          </td>
          <td
            class="p-2"
          >
            Alpha Fund
          </td>
          <td
            class="p-2"
          />
          <td
            class="p-2 text-center"
          >
            <span
              class="inline-block min-w-[3rem] rounded-full border px-2 py-1 text-center text-xs font-bold bg-green-600/20 border-green-600/50 text-green-600"
            >
              75.0 - Strong
            </span>
          </td>
          <td
            class="p-2 text-center"
          />
          <td
            class="p-2"
          />
          <td
            class="p-2 text-right"
          >
            2.00 %
          </td>
          <td
            class="p-2 text-right"
          >
            10.00 %
          </td>
          <td
            class="p-2 text-right"
          >
            12.00 %
          </td>
          <td
            class="p-2 text-right"
          >
            15.00 %
          </td>
          <td
            class="p-2 text-right"
          >
            0.80
          </td>
          <td
            class="p-2 text-right"
          >
            18.00 %
          </td>
          <td
            class="p-2 text-right"
          >
            0.50 %
          </td>
          <td
            class="p-2"
          >
            <div
              style="display: flex; flex-wrap: wrap; gap: 0.25rem;"
            >
              <div
                class="MuiChip-root MuiChip-outlined MuiChip-sizeSmall MuiChip-colorDefault MuiChip-outlinedDefault css-1d2be57-MuiChip-root"
                style="background-color: rgba(107, 114, 128, 0.125); color: rgb(107, 114, 128); border-color: #6b728040;"
              >
                <span
                  class="MuiChip-label MuiChip-labelSmall css-19m61dl-MuiChip-label"
                >
                  outperformer
                </span>
              </div>
            </div>
          </td>
        </tr>
      </tbody>
    </table>
  </div>
</DocumentFragment>
`;
