// Jest Snapshot v1, https://goo.gl/fbAQLP

exports[`renders table snapshot 1`] = `
<DocumentFragment>
  <div
    style="overflow-x: auto;"
  >
    <table
      style="width: 100%; border-collapse: collapse;"
    >
      <thead>
        <tr
          style="border-bottom: 2px solid #e5e7eb;"
        >
          <th
            style="padding: 0.75rem; text-align: left; font-weight: 500;"
          >
            Symbol
          </th>
          <th
            style="padding: 0.75rem; text-align: left; font-weight: 500;"
          >
            Fund Name
          </th>
          <th
            style="padding: 0.75rem; text-align: left; font-weight: 500;"
          >
            Type
          </th>
          <th
            style="padding: 0.75rem; text-align: center; font-weight: 500;"
          >
            Score
          </th>
          <th
            style="padding: 0.75rem; text-align: right; font-weight: 500;"
          >
            YTD
          </th>
          <th
            style="padding: 0.75rem; text-align: right; font-weight: 500;"
          >
            1Y
          </th>
          <th
            style="padding: 0.75rem; text-align: right; font-weight: 500;"
          >
            3Y
          </th>
          <th
            style="padding: 0.75rem; text-align: right; font-weight: 500;"
          >
            5Y
          </th>
          <th
            style="padding: 0.75rem; text-align: right; font-weight: 500;"
          >
            Sharpe
          </th>
          <th
            style="padding: 0.75rem; text-align: right; font-weight: 500;"
          >
            Std Dev (5Y)
          </th>
          <th
            style="padding: 0.75rem; text-align: right; font-weight: 500;"
          >
            Expense
          </th>
          <th
            style="padding: 0.75rem; text-align: left; font-weight: 500;"
          >
            Tags
          </th>
        </tr>
      </thead>
      <tbody>
        <tr
          role="button"
          style="border-bottom: 1px solid #f3f4f6; cursor: pointer; background-color: transparent;"
          tabindex="0"
        >
          <td
            style="padding: 0.5rem;"
          >
            ABC
          </td>
          <td
            style="padding: 0.5rem;"
          >
            Alpha Fund
          </td>
          <td
            style="padding: 0.5rem;"
          />
          <td
            style="padding: 0.5rem; text-align: center;"
          >
            <span
              style="background-color: rgba(22, 163, 74, 0.125); color: rgb(22, 163, 74); border: 1px solid #16a34a50; border-radius: 9999px; font-size: 0.75rem; font-weight: bold; padding: 0.25rem 0.5rem; display: inline-block; min-width: 3rem; text-align: center;"
            >
              75 - Strong
            </span>
          </td>
          <td
            style="padding: 0.5rem; text-align: right;"
          >
            2.00 %
          </td>
          <td
            style="padding: 0.5rem; text-align: right;"
          >
            10.00 %
          </td>
          <td
            style="padding: 0.5rem; text-align: right;"
          >
            12.00 %
          </td>
          <td
            style="padding: 0.5rem; text-align: right;"
          >
            15.00 %
          </td>
          <td
            style="padding: 0.5rem; text-align: right;"
          >
            0.80
          </td>
          <td
            style="padding: 0.5rem; text-align: right;"
          >
            18.00 %
          </td>
          <td
            style="padding: 0.5rem; text-align: right;"
          >
            0.50 %
          </td>
          <td
            style="padding: 0.5rem;"
          >
            <div
              style="display: flex; flex-wrap: wrap; gap: 0.25rem;"
            >
              <span
                style="background-color: rgba(22, 163, 74, 0.125); color: rgb(22, 163, 74); border: 1px solid #16a34a40; border-radius: 9999px; font-size: 0.7rem; padding: 0.125rem 0.5rem;"
              >
                outperformer
              </span>
            </div>
          </td>
        </tr>
      </tbody>
    </table>
  </div>
</DocumentFragment>
`;
